BACKEND: NCCL
CP_FILE_NAME: small
NNODES: 2
NGPU_PER_NODE: 8
+++ which mpirun
++ dirname /home/zhaijidong/yhy/.local/openmpi-cuda/bin/mpirun
+ mpirun --prefix /home/zhaijidong/yhy/.local/openmpi-cuda/bin/../ -x LD_LIBRARY_PATH -x NCCL_NET_GDR_READ -x NCCL_P2P_LEVEL -x NCCL_IB_PCI_RELAXED_ORDERING -x NCCL_DEBUG=INFO -x NCCL_IB_GID_INDEX=3 -x NCCL_IB_DISABLE=0 -x NCCL_NET_GDR_LEVEL=1 -x NCCL_IB_QPS_PER_CONNECTION=4 -x NCCL_DEBUG_SUBSYS=NET -x NCCL_IB_TC=160 -np 16 --host g3025:8,g4006:8 --map-by ppr:4:numa --bind-to core --report-bindings ./csrc/build/conflict_allinone 16 NCCL ./scripts/configs/small_16.json
[mngg001:2726436] Warning: could not find environment variable "NCCL_NET_GDR_READ"
[mngg001:2726436] Warning: could not find environment variable "NCCL_P2P_LEVEL"
[mngg001:2726436] Warning: could not find environment variable "NCCL_IB_PCI_RELAXED_ORDERING"
[g4006:3701707] MCW rank 11 bound to socket 0[core 3[hwt 0-1]]: [../../../BB/../../../../../../../../../../../../../../../../../../../../../../../../../../../..][../../../../../../../../../../../../../../../../../../../../../../../../../../../../../../../..]
[g4006:3701707] MCW rank 12 bound to socket 1[core 32[hwt 0-1]]: [../../../../../../../../../../../../../../../../../../../../../../../../../../../../../../../..][BB/../../../../../../../../../../../../../../../../../../../../../../../../../../../../../../..]
[g4006:3701707] MCW rank 13 bound to socket 1[core 33[hwt 0-1]]: [../../../../../../../../../../../../../../../../../../../../../../../../../../../../../../../..][../BB/../../../../../../../../../../../../../../../../../../../../../../../../../../../../../..]
[g4006:3701707] MCW rank 14 bound to socket 1[core 34[hwt 0-1]]: [../../../../../../../../../../../../../../../../../../../../../../../../../../../../../../../..][../../BB/../../../../../../../../../../../../../../../../../../../../../../../../../../../../..]
[g4006:3701707] MCW rank 15 bound to socket 1[core 35[hwt 0-1]]: [../../../../../../../../../../../../../../../../../../../../../../../../../../../../../../../..][../../../BB/../../../../../../../../../../../../../../../../../../../../../../../../../../../..]
[g4006:3701707] MCW rank 8 bound to socket 0[core 0[hwt 0-1]]: [BB/../../../../../../../../../../../../../../../../../../../../../../../../../../../../../../..][../../../../../../../../../../../../../../../../../../../../../../../../../../../../../../../..]
[g4006:3701707] MCW rank 9 bound to socket 0[core 1[hwt 0-1]]: [../BB/../../../../../../../../../../../../../../../../../../../../../../../../../../../../../..][../../../../../../../../../../../../../../../../../../../../../../../../../../../../../../../..]
[g4006:3701707] MCW rank 10 bound to socket 0[core 2[hwt 0-1]]: [../../BB/../../../../../../../../../../../../../../../../../../../../../../../../../../../../..][../../../../../../../../../../../../../../../../../../../../../../../../../../../../../../../..]
[g3025:176700] MCW rank 3 bound to socket 0[core 3[hwt 0-1]]: [../../../BB/../../../../../../../../../../../../../../../../../../../../../../../../../../../..][../../../../../../../../../../../../../../../../../../../../../../../../../../../../../../../..]
[g3025:176700] MCW rank 4 bound to socket 1[core 32[hwt 0-1]]: [../../../../../../../../../../../../../../../../../../../../../../../../../../../../../../../..][BB/../../../../../../../../../../../../../../../../../../../../../../../../../../../../../../..]
[g3025:176700] MCW rank 5 bound to socket 1[core 33[hwt 0-1]]: [../../../../../../../../../../../../../../../../../../../../../../../../../../../../../../../..][../BB/../../../../../../../../../../../../../../../../../../../../../../../../../../../../../..]
[g3025:176700] MCW rank 6 bound to socket 1[core 34[hwt 0-1]]: [../../../../../../../../../../../../../../../../../../../../../../../../../../../../../../../..][../../BB/../../../../../../../../../../../../../../../../../../../../../../../../../../../../..]
[g3025:176700] MCW rank 7 bound to socket 1[core 35[hwt 0-1]]: [../../../../../../../../../../../../../../../../../../../../../../../../../../../../../../../..][../../../BB/../../../../../../../../../../../../../../../../../../../../../../../../../../../..]
[g3025:176700] MCW rank 0 bound to socket 0[core 0[hwt 0-1]]: [BB/../../../../../../../../../../../../../../../../../../../../../../../../../../../../../../..][../../../../../../../../../../../../../../../../../../../../../../../../../../../../../../../..]
[g3025:176700] MCW rank 1 bound to socket 0[core 1[hwt 0-1]]: [../BB/../../../../../../../../../../../../../../../../../../../../../../../../../../../../../..][../../../../../../../../../../../../../../../../../../../../../../../../../../../../../../../..]
[g3025:176700] MCW rank 2 bound to socket 0[core 2[hwt 0-1]]: [../../BB/../../../../../../../../../../../../../../../../../../../../../../../../../../../../..][../../../../../../../../../../../../../../../../../../../../../../../../../../../../../../../..]
--------------------------------------------------------------------------
WARNING: There was an error initializing an OpenFabrics device.

  Local host:   g3025
  Local device: mlx5_0
--------------------------------------------------------------------------
g3025:176716:176716 [0] NCCL INFO NET/Plugin : Plugin load (libnccl-net.so) returned 2 : 0g
g3025:176716:176716 [0] NCCL INFO NET/Plugin : No plugin found, using internal implementation
g3025:176717:176717 [1] NCCL INFO NET/Plugin : Plugin load (libnccl-net.so) returned 2 : libnccl-net.so: cannot open shared object file: No such file or directory
g3025:176717:176717 [1] NCCL INFO NET/Plugin : No plugin found, using internal implementation
NCCL version 2.18.5+cuda11.8
g4006:3701721:3701721 [4] NCCL INFO NET/Plugin : Plugin load (libnccl-net.so) returned 2 : libnccl-net.so: cannot open shared object file: No such file or directory
g4006:3701721:3701721 [4] NCCL INFO NET/Plugin : No plugin found, using internal implementation
g3025:176721:176721 [3] NCCL INFO NET/Plugin : Plugin load (libnccl-net.so) returned 2 : libnccl-net.so: cannot open shared object file: No such file or directory
g3025:176721:176721 [3] NCCL INFO NET/Plugin : No plugin found, using internal implementation
g4006:3701719:3701719 [2] NCCL INFO NET/Plugin : Plugin load (libnccl-net.so) returned 2 : libnccl-net.so: cannot open shared object file: No such file or directory
g4006:3701719:3701719 [2] NCCL INFO NET/Plugin : No plugin found, using internal implementation
g4006:3701717:3701717 [0] NCCL INFO NET/Plugin : Plugin load (libnccl-net.so) returned 2 : libnccl-net.so: cannot open shared object file: No such file or directory
g4006:3701717:3701717 [0] NCCL INFO NET/Plugin : No plugin found, using internal implementation
g4006:3701718:3701718 [1] NCCL INFO NET/Plugin : Plugin load (libnccl-net.so) returned 2 : libnccl-net.so: cannot open shared object file: No such file or directory
g4006:3701718:3701718 [1] NCCL INFO NET/Plugin : No plugin found, using internal implementation
g3025:176718:176718 [2] NCCL INFO NET/Plugin : Plugin load (libnccl-net.so) returned 2 : libnccl-net.so: cannot open shared object file: No such file or directory
g3025:176718:176718 [2] NCCL INFO NET/Plugin : No plugin found, using internal implementation
g4006:3701722:3701722 [5] NCCL INFO NET/Plugin : Plugin load (libnccl-net.so) returned 2 : libnccl-net.so: cannot open shared object file: No such file or directory
g4006:3701722:3701722 [5] NCCL INFO NET/Plugin : No plugin found, using internal implementation
g4006:3701720:3701720 [3] NCCL INFO NET/Plugin : Plugin load (libnccl-net.so) returned 2 : libnccl-net.so: cannot open shared object file: No such file or directory
g4006:3701720:3701720 [3] NCCL INFO NET/Plugin : No plugin found, using internal implementation
g3025:176723:176723 [5] NCCL INFO NET/Plugin : Plugin load (libnccl-net.so) returned 2 : libnccl-net.so: cannot open shared object file: No such file or directory
g3025:176723:176723 [5] NCCL INFO NET/Plugin : No plugin found, using internal implementation
g3025:176736:176736 [7] NCCL INFO NET/Plugin : Plugin load (libnccl-net.so) returned 2 : libnccl-net.so: cannot open shared object file: No such file or directory
g3025:176736:176736 [7] NCCL INFO NET/Plugin : No plugin found, using internal implementation
g3025:176722:176722 [4] NCCL INFO NET/Plugin : Plugin load (libnccl-net.so) returned 2 : libnccl-net.so: cannot open shared object file: No such file or directory
g3025:176722:176722 [4] NCCL INFO NET/Plugin : No plugin found, using internal implementation
g4006:3701728:3701728 [7] NCCL INFO NET/Plugin : Plugin load (libnccl-net.so) returned 2 : libnccl-net.so: cannot open shared object file: No such file or directory
g4006:3701728:3701728 [7] NCCL INFO NET/Plugin : No plugin found, using internal implementation
g3025:176732:176732 [6] NCCL INFO NET/Plugin : Plugin load (libnccl-net.so) returned 2 : libnccl-net.so: cannot open shared object file: No such file or directory
g3025:176732:176732 [6] NCCL INFO NET/Plugin : No plugin found, using internal implementation
g4006:3701725:3701725 [6] NCCL INFO NET/Plugin : Plugin load (libnccl-net.so) returned 2 : libnccl-net.so: cannot open shared object file: No such file or directory
g4006:3701725:3701725 [6] NCCL INFO NET/Plugin : No plugin found, using internal implementation
g3025:176717:176717 [1] NCCL INFO NET/IB : Using [0]mlx5_0:1/IB [1]mlx5_1:1/IB [2]mlx5_2:1/IB [3]mlx5_3:1/IB [RO]; OOB ibs10:11.3.8.1<0>
g3025:176716:176716 [0] NCCL INFO NET/IB : Using [0]mlx5_0:1/IB [1]mlx5_1:1/IB [2]mlx5_2:1/IB [3]mlx5_3:1/IB [RO]; OOB ibs10:11.3.8.1<0>
g3025:176721:176721 [3] NCCL INFO NET/IB : Using [0]mlx5_0:1/IB [1]mlx5_1:1/IB [2]mlx5_2:1/IB [3]mlx5_3:1/IB [RO]; OOB ibs10:11.3.8.1<0>
g3025:176718:176718 [2] NCCL INFO NET/IB : Using [0]mlx5_0:1/IB [1]mlx5_1:1/IB [2]mlx5_2:1/IB [3]mlx5_3:1/IB [RO]; OOB ibs10:11.3.8.1<0>
g3025:176736:176736 [7] NCCL INFO NET/IB : Using [0]mlx5_0:1/IB [1]mlx5_1:1/IB [2]mlx5_2:1/IB [3]mlx5_3:1/IB [RO]; OOB ibs10:11.3.8.1<0>
g3025:176722:176722 [4] NCCL INFO NET/IB : Using [0]mlx5_0:1/IB [1]mlx5_1:1/IB [2]mlx5_2:1/IB [3]mlx5_3:1/IB [RO]; OOB ibs10:11.3.8.1<0>
g3025:176732:176732 [6] NCCL INFO NET/IB : Using [0]mlx5_0:1/IB [1]mlx5_1:1/IB [2]mlx5_2:1/IB [3]mlx5_3:1/IB [RO]; OOB ibs10:11.3.8.1<0>
g3025:176723:176723 [5] NCCL INFO NET/IB : Using [0]mlx5_0:1/IB [1]mlx5_1:1/IB [2]mlx5_2:1/IB [3]mlx5_3:1/IB [RO]; OOB ibs10:11.3.8.1<0>
g4006:3701721:3701721 [4] NCCL INFO NET/IB : Using [0]mlx5_0:1/IB [1]mlx5_1:1/IB [2]mlx5_2:1/IB [3]mlx5_3:1/IB [RO]; OOB ibs11:11.4.20.2<0>
g4006:3701717:3701717 [0] NCCL INFO NET/IB : Using [0]mlx5_0:1/IB [1]mlx5_1:1/IB [2]mlx5_2:1/IB [3]mlx5_3:1/IB [RO]; OOB ibs11:11.4.20.2<0>
g4006:3701718:3701718 [1] NCCL INFO NET/IB : Using [0]mlx5_0:1/IB [1]mlx5_1:1/IB [2]mlx5_2:1/IB [3]mlx5_3:1/IB [RO]; OOB ibs11:11.4.20.2<0>
g4006:3701719:3701719 [2] NCCL INFO NET/IB : Using [0]mlx5_0:1/IB [1]mlx5_1:1/IB [2]mlx5_2:1/IB [3]mlx5_3:1/IB [RO]; OOB ibs11:11.4.20.2<0>
g4006:3701728:3701728 [7] NCCL INFO NET/IB : Using [0]mlx5_0:1/IB [1]mlx5_1:1/IB [2]mlx5_2:1/IB [3]mlx5_3:1/IB [RO]; OOB ibs11:11.4.20.2<0>
g4006:3701722:3701722 [5] NCCL INFO NET/IB : Using [0]mlx5_0:1/IB [1]mlx5_1:1/IB [2]mlx5_2:1/IB [3]mlx5_3:1/IB [RO]; OOB ibs11:11.4.20.2<0>
g4006:3701720:3701720 [3] NCCL INFO NET/IB : Using [0]mlx5_0:1/IB [1]mlx5_1:1/IB [2]mlx5_2:1/IB [3]mlx5_3:1/IB [RO]; OOB ibs11:11.4.20.2<0>
g4006:3701725:3701725 [6] NCCL INFO NET/IB : Using [0]mlx5_0:1/IB [1]mlx5_1:1/IB [2]mlx5_2:1/IB [3]mlx5_3:1/IB [RO]; OOB ibs11:11.4.20.2<0>
[mngg001:2726436] 15 more processes have sent help message help-mpi-btl-openib.txt / error in device init
[mngg001:2726436] Set MCA parameter "orte_base_help_aggregate" to 0 to see all help / error messages
g4006:3701718:3701718 [1] NCCL INFO NET/IB : GPU Direct RDMA Disabled for HCA 0 'mlx5_0'
g4006:3701718:3701718 [1] NCCL INFO NET/IB : GPU Direct RDMA Disabled for HCA 1 'mlx5_1'
g4006:3701718:3701718 [1] NCCL INFO NET/IB : GPU Direct RDMA Disabled for HCA 2 'mlx5_2'
g4006:3701718:3701718 [1] NCCL INFO NET/IB : GPU Direct RDMA Disabled for HCA 3 'mlx5_3'
g4006:3701719:3701719 [2] NCCL INFO NET/IB : GPU Direct RDMA Disabled for HCA 0 'mlx5_0'
g4006:3701719:3701719 [2] NCCL INFO NET/IB : GPU Direct RDMA Disabled for HCA 1 'mlx5_1'
g4006:3701719:3701719 [2] NCCL INFO NET/IB : GPU Direct RDMA Disabled for HCA 2 'mlx5_2'
g4006:3701719:3701719 [2] NCCL INFO NET/IB : GPU Direct RDMA Disabled for HCA 3 'mlx5_3'
g4006:3701720:3701720 [3] NCCL INFO NET/IB : GPU Direct RDMA Disabled for HCA 0 'mlx5_0'
g4006:3701720:3701720 [3] NCCL INFO NET/IB : GPU Direct RDMA Disabled for HCA 1 'mlx5_1'
g4006:3701717:3701717 [0] NCCL INFO NET/IB : GPU Direct RDMA Disabled for HCA 0 'mlx5_0'
g4006:3701720:3701720 [3] NCCL INFO NET/IB : GPU Direct RDMA Disabled for HCA 2 'mlx5_2'
g4006:3701717:3701717 [0] NCCL INFO NET/IB : GPU Direct RDMA Disabled for HCA 1 'mlx5_1'
g4006:3701720:3701720 [3] NCCL INFO NET/IB : GPU Direct RDMA Disabled for HCA 3 'mlx5_3'
g4006:3701717:3701717 [0] NCCL INFO NET/IB : GPU Direct RDMA Disabled for HCA 2 'mlx5_2'
g4006:3701717:3701717 [0] NCCL INFO NET/IB : GPU Direct RDMA Disabled for HCA 3 'mlx5_3'
g4006:3701721:3701721 [4] NCCL INFO NET/IB : GPU Direct RDMA Disabled for HCA 0 'mlx5_0'
g4006:3701721:3701721 [4] NCCL INFO NET/IB : GPU Direct RDMA Disabled for HCA 1 'mlx5_1'
g4006:3701721:3701721 [4] NCCL INFO NET/IB : GPU Direct RDMA Disabled for HCA 2 'mlx5_2'
g4006:3701721:3701721 [4] NCCL INFO NET/IB : GPU Direct RDMA Disabled for HCA 3 'mlx5_3'
g4006:3701728:3701728 [7] NCCL INFO NET/IB : GPU Direct RDMA Disabled for HCA 0 'mlx5_0'
g4006:3701728:3701728 [7] NCCL INFO NET/IB : GPU Direct RDMA Disabled for HCA 1 'mlx5_1'
g4006:3701725:3701725 [6] NCCL INFO NET/IB : GPU Direct RDMA Disabled for HCA 0 'mlx5_0'
g4006:3701728:3701728 [7] NCCL INFO NET/IB : GPU Direct RDMA Disabled for HCA 2 'mlx5_2'
g4006:3701725:3701725 [6] NCCL INFO NET/IB : GPU Direct RDMA Disabled for HCA 1 'mlx5_1'
g4006:3701722:3701722 [5] NCCL INFO NET/IB : GPU Direct RDMA Disabled for HCA 0 'mlx5_0'
g4006:3701728:3701728 [7] NCCL INFO NET/IB : GPU Direct RDMA Disabled for HCA 3 'mlx5_3'
g4006:3701725:3701725 [6] NCCL INFO NET/IB : GPU Direct RDMA Disabled for HCA 2 'mlx5_2'
g4006:3701722:3701722 [5] NCCL INFO NET/IB : GPU Direct RDMA Disabled for HCA 1 'mlx5_1'
g4006:3701725:3701725 [6] NCCL INFO NET/IB : GPU Direct RDMA Disabled for HCA 3 'mlx5_3'
g4006:3701722:3701722 [5] NCCL INFO NET/IB : GPU Direct RDMA Disabled for HCA 2 'mlx5_2'
g4006:3701722:3701722 [5] NCCL INFO NET/IB : GPU Direct RDMA Disabled for HCA 3 'mlx5_3'
g3025:176732:176732 [6] NCCL INFO NET/IB : GPU Direct RDMA Disabled for HCA 0 'mlx5_0'
g3025:176732:176732 [6] NCCL INFO NET/IB : GPU Direct RDMA Disabled for HCA 1 'mlx5_1'
g3025:176732:176732 [6] NCCL INFO NET/IB : GPU Direct RDMA Disabled for HCA 2 'mlx5_2'
g3025:176732:176732 [6] NCCL INFO NET/IB : GPU Direct RDMA Disabled for HCA 3 'mlx5_3'
g3025:176736:176736 [7] NCCL INFO NET/IB : GPU Direct RDMA Disabled for HCA 0 'mlx5_0'
g3025:176736:176736 [7] NCCL INFO NET/IB : GPU Direct RDMA Disabled for HCA 1 'mlx5_1'
g3025:176736:176736 [7] NCCL INFO NET/IB : GPU Direct RDMA Disabled for HCA 2 'mlx5_2'
g3025:176722:176722 [4] NCCL INFO NET/IB : GPU Direct RDMA Disabled for HCA 0 'mlx5_0'
g3025:176736:176736 [7] NCCL INFO NET/IB : GPU Direct RDMA Disabled for HCA 3 'mlx5_3'
g3025:176722:176722 [4] NCCL INFO NET/IB : GPU Direct RDMA Disabled for HCA 1 'mlx5_1'
g3025:176723:176723 [5] NCCL INFO NET/IB : GPU Direct RDMA Disabled for HCA 0 'mlx5_0'
g3025:176722:176722 [4] NCCL INFO NET/IB : GPU Direct RDMA Disabled for HCA 2 'mlx5_2'
g3025:176716:176716 [0] NCCL INFO NET/IB : GPU Direct RDMA Disabled for HCA 0 'mlx5_0'
g3025:176723:176723 [5] NCCL INFO NET/IB : GPU Direct RDMA Disabled for HCA 1 'mlx5_1'
g3025:176716:176716 [0] NCCL INFO NET/IB : GPU Direct RDMA Disabled for HCA 1 'mlx5_1'
g3025:176722:176722 [4] NCCL INFO NET/IB : GPU Direct RDMA Disabled for HCA 3 'mlx5_3'
g3025:176716:176716 [0] NCCL INFO NET/IB : GPU Direct RDMA Disabled for HCA 2 'mlx5_2'
g3025:176723:176723 [5] NCCL INFO NET/IB : GPU Direct RDMA Disabled for HCA 2 'mlx5_2'
g3025:176716:176716 [0] NCCL INFO NET/IB : GPU Direct RDMA Disabled for HCA 3 'mlx5_3'
g3025:176723:176723 [5] NCCL INFO NET/IB : GPU Direct RDMA Disabled for HCA 3 'mlx5_3'
g3025:176718:176718 [2] NCCL INFO NET/IB : GPU Direct RDMA Disabled for HCA 0 'mlx5_0'
g3025:176718:176718 [2] NCCL INFO NET/IB : GPU Direct RDMA Disabled for HCA 1 'mlx5_1'
g3025:176718:176718 [2] NCCL INFO NET/IB : GPU Direct RDMA Disabled for HCA 2 'mlx5_2'
g3025:176717:176717 [1] NCCL INFO NET/IB : GPU Direct RDMA Disabled for HCA 0 'mlx5_0'
g3025:176718:176718 [2] NCCL INFO NET/IB : GPU Direct RDMA Disabled for HCA 3 'mlx5_3'
g3025:176717:176717 [1] NCCL INFO NET/IB : GPU Direct RDMA Disabled for HCA 1 'mlx5_1'
g3025:176717:176717 [1] NCCL INFO NET/IB : GPU Direct RDMA Disabled for HCA 2 'mlx5_2'
g3025:176717:176717 [1] NCCL INFO NET/IB : GPU Direct RDMA Disabled for HCA 3 'mlx5_3'
g3025:176721:176721 [3] NCCL INFO NET/IB : GPU Direct RDMA Disabled for HCA 0 'mlx5_0'
g3025:176721:176721 [3] NCCL INFO NET/IB : GPU Direct RDMA Disabled for HCA 1 'mlx5_1'
g3025:176721:176721 [3] NCCL INFO NET/IB : GPU Direct RDMA Disabled for HCA 2 'mlx5_2'
g3025:176721:176721 [3] NCCL INFO NET/IB : GPU Direct RDMA Disabled for HCA 3 'mlx5_3'
g4006:3701722:3701882 [5] NCCL INFO New proxy recv connection 0 from local rank 5, transport 0
g4006:3701722:3701722 [5] NCCL INFO Connection to proxy localRank 5 -> connection 0x7fa330000d00
g4006:3701725:3701881 [6] NCCL INFO New proxy recv connection 0 from local rank 6, transport 0
g4006:3701725:3701725 [6] NCCL INFO Connection to proxy localRank 6 -> connection 0x7f2d9c000d00
g4006:3701721:3701880 [4] NCCL INFO New proxy recv connection 0 from local rank 4, transport 0
g4006:3701721:3701721 [4] NCCL INFO Connection to proxy localRank 4 -> connection 0x7fd058000d00
g4006:3701719:3701883 [2] NCCL INFO New proxy recv connection 0 from local rank 2, transport 0
g4006:3701719:3701719 [2] NCCL INFO Connection to proxy localRank 2 -> connection 0x7fc2d8000d00
g4006:3701718:3701887 [1] NCCL INFO New proxy recv connection 0 from local rank 1, transport 0
g4006:3701718:3701718 [1] NCCL INFO Connection to proxy localRank 1 -> connection 0x7fb788000d00
g4006:3701720:3701886 [3] NCCL INFO New proxy recv connection 0 from local rank 3, transport 0
g4006:3701720:3701720 [3] NCCL INFO Connection to proxy localRank 3 -> connection 0x7f431c000d00
g4006:3701728:3701879 [7] NCCL INFO New proxy recv connection 0 from local rank 7, transport 0
g4006:3701728:3701728 [7] NCCL INFO Connection to proxy localRank 7 -> connection 0x7fb358000d00
g4006:3701719:3701883 [2] NCCL INFO New proxy recv connection 1 from local rank 2, transport 0
g4006:3701719:3701719 [2] NCCL INFO Connection to proxy localRank 2 -> connection 0x7fc2d8000d50
g4006:3701728:3701879 [7] NCCL INFO New proxy recv connection 1 from local rank 7, transport 0
g4006:3701728:3701728 [7] NCCL INFO Connection to proxy localRank 7 -> connection 0x7fb358000d50
g4006:3701720:3701886 [3] NCCL INFO New proxy recv connection 1 from local rank 3, transport 0
g4006:3701720:3701720 [3] NCCL INFO Connection to proxy localRank 3 -> connection 0x7f431c000d50
g4006:3701721:3701880 [4] NCCL INFO New proxy recv connection 1 from local rank 4, transport 0
g4006:3701721:3701721 [4] NCCL INFO Connection to proxy localRank 4 -> connection 0x7fd058000d50
g4006:3701719:3701883 [2] NCCL INFO New proxy send connection 2 from local rank 2, transport 0
g4006:3701719:3701719 [2] NCCL INFO Connection to proxy localRank 2 -> connection 0x7fc2d8000da0
g4006:3701719:3701883 [2] NCCL INFO New proxy send connection 3 from local rank 2, transport 0
g4006:3701717:3701884 [0] NCCL INFO New proxy recv connection 0 from local rank 0, transport 2
g4006:3701717:3701717 [0] NCCL INFO Connection to proxy localRank 0 -> connection 0x7f44a8000d00
g3025:176717:176928 [1] NCCL INFO New proxy recv connection 0 from local rank 1, transport 0
g3025:176717:176717 [1] NCCL INFO Connection to proxy localRank 1 -> connection 0x7f1068000d00
g3025:176718:176929 [2] NCCL INFO New proxy recv connection 0 from local rank 2, transport 0
g3025:176718:176718 [2] NCCL INFO Connection to proxy localRank 2 -> connection 0x7f85b0000d00
g4006:3701719:3701719 [2] NCCL INFO Connection to proxy localRank 2 -> connection 0x7fc2d8000df0
g4006:3701717:3701717 [0] NCCL INFO Channel 00/0 : 7[7] -> 8[0] [receive] via NET/IB/0
g4006:3701717:3701884 [0] NCCL INFO New proxy recv connection 1 from local rank 0, transport 2
g4006:3701717:3701717 [0] NCCL INFO Connection to proxy localRank 0 -> connection 0x7f44a8000d50
g4006:3701717:3701717 [0] NCCL INFO Channel 02/0 : 7[7] -> 8[0] [receive] via NET/IB/0
g4006:3701717:3701884 [0] NCCL INFO New proxy send connection 2 from local rank 0, transport 0
g4006:3701717:3701717 [0] NCCL INFO Connection to proxy localRank 0 -> connection 0x7f44a8000da0
g3025:176732:176930 [6] NCCL INFO New proxy recv connection 0 from local rank 6, transport 0
g3025:176732:176732 [6] NCCL INFO Connection to proxy localRank 6 -> connection 0x7f18d8000d00
g3025:176721:176931 [3] NCCL INFO New proxy recv connection 0 from local rank 3, transport 0
g3025:176721:176721 [3] NCCL INFO Connection to proxy localRank 3 -> connection 0x7f3838000d00
g3025:176723:176933 [5] NCCL INFO New proxy recv connection 0 from local rank 5, transport 0
g3025:176723:176723 [5] NCCL INFO Connection to proxy localRank 5 -> connection 0x7f8e0c000d00
g4006:3701722:3701882 [5] NCCL INFO New proxy recv connection 1 from local rank 5, transport 0
g4006:3701722:3701722 [5] NCCL INFO Connection to proxy localRank 5 -> connection 0x7fa330000d50
g3025:176722:176934 [4] NCCL INFO New proxy recv connection 0 from local rank 4, transport 0
g3025:176722:176722 [4] NCCL INFO Connection to proxy localRank 4 -> connection 0x7ff9a0000d00
g4006:3701718:3701887 [1] NCCL INFO New proxy recv connection 1 from local rank 1, transport 0
g4006:3701718:3701718 [1] NCCL INFO Connection to proxy localRank 1 -> connection 0x7fb788000d50
g3025:176736:176932 [7] NCCL INFO New proxy recv connection 0 from local rank 7, transport 0
g3025:176736:176736 [7] NCCL INFO Connection to proxy localRank 7 -> connection 0x7f54d4000d00
g4006:3701725:3701881 [6] NCCL INFO New proxy recv connection 1 from local rank 6, transport 0
g4006:3701725:3701725 [6] NCCL INFO Connection to proxy localRank 6 -> connection 0x7f2d9c000d50
g4006:3701725:3701881 [6] NCCL INFO New proxy send connection 2 from local rank 6, transport 0
g4006:3701725:3701725 [6] NCCL INFO Connection to proxy localRank 6 -> connection 0x7f2d9c000da0
g4006:3701720:3701886 [3] NCCL INFO New proxy send connection 2 from local rank 3, transport 0
g4006:3701720:3701720 [3] NCCL INFO Connection to proxy localRank 3 -> connection 0x7f431c000da0
g4006:3701717:3701884 [0] NCCL INFO New proxy send connection 3 from local rank 0, transport 0
g4006:3701717:3701717 [0] NCCL INFO Connection to proxy localRank 0 -> connection 0x7f44a8000df0
g4006:3701721:3701880 [4] NCCL INFO New proxy send connection 2 from local rank 4, transport 0
g4006:3701721:3701721 [4] NCCL INFO Connection to proxy localRank 4 -> connection 0x7fd058000da0
g4006:3701722:3701882 [5] NCCL INFO New proxy send connection 2 from local rank 5, transport 0
g4006:3701722:3701722 [5] NCCL INFO Connection to proxy localRank 5 -> connection 0x7fa330000da0
g4006:3701725:3701881 [6] NCCL INFO New proxy send connection 3 from local rank 6, transport 0
g4006:3701725:3701725 [6] NCCL INFO Connection to proxy localRank 6 -> connection 0x7f2d9c000df0
g4006:3701718:3701887 [1] NCCL INFO New proxy send connection 2 from local rank 1, transport 0
g4006:3701718:3701718 [1] NCCL INFO Connection to proxy localRank 1 -> connection 0x7fb788000da0
g4006:3701728:3701879 [7] NCCL INFO New proxy send connection 2 from local rank 7, transport 2
g4006:3701728:3701728 [7] NCCL INFO Connection to proxy localRank 7 -> connection 0x7fb358000da0
g4006:3701720:3701886 [3] NCCL INFO New proxy send connection 3 from local rank 3, transport 0
g4006:3701720:3701720 [3] NCCL INFO Connection to proxy localRank 3 -> connection 0x7f431c000df0
g4006:3701721:3701880 [4] NCCL INFO New proxy send connection 3 from local rank 4, transport 0
g4006:3701721:3701721 [4] NCCL INFO Connection to proxy localRank 4 -> connection 0x7fd058000df0
g3025:176716:176935 [0] NCCL INFO New proxy recv connection 0 from local rank 0, transport 2
g3025:176716:176716 [0] NCCL INFO Connection to proxy localRank 0 -> connection 0x7fd018000d00
g4006:3701722:3701882 [5] NCCL INFO New proxy send connection 3 from local rank 5, transport 0
g4006:3701722:3701722 [5] NCCL INFO Connection to proxy localRank 5 -> connection 0x7fa330000df0
g4006:3701718:3701887 [1] NCCL INFO New proxy send connection 3 from local rank 1, transport 0
g4006:3701718:3701718 [1] NCCL INFO Connection to proxy localRank 1 -> connection 0x7fb788000df0
g4006:3701728:3701728 [7] NCCL INFO Channel 00/0 : 15[7] -> 0[0] [send] via NET/IB/3
g4006:3701728:3701879 [7] NCCL INFO New proxy send connection 3 from local rank 7, transport 2
g4006:3701728:3701728 [7] NCCL INFO Connection to proxy localRank 7 -> connection 0x7fb358000df0
g4006:3701728:3701728 [7] NCCL INFO Channel 02/0 : 15[7] -> 0[0] [send] via NET/IB/3
g4006:3701720:3701886 [3] NCCL INFO New proxy recv connection 4 from local rank 3, transport 0
g4006:3701720:3701720 [3] NCCL INFO Connection to proxy localRank 3 -> connection 0x7f431c000e40
g4006:3701721:3701880 [4] NCCL INFO New proxy recv connection 4 from local rank 4, transport 0
g4006:3701721:3701721 [4] NCCL INFO Connection to proxy localRank 4 -> connection 0x7fd058000e40
g4006:3701725:3701881 [6] NCCL INFO New proxy recv connection 4 from local rank 6, transport 0
g4006:3701725:3701725 [6] NCCL INFO Connection to proxy localRank 6 -> connection 0x7f2d9c000e40
g4006:3701722:3701882 [5] NCCL INFO New proxy send connection 4 from local rank 5, transport 0
g4006:3701722:3701722 [5] NCCL INFO Connection to proxy localRank 5 -> connection 0x7fa330000e40
g4006:3701718:3701887 [1] NCCL INFO New proxy send connection 4 from local rank 1, transport 0
g4006:3701718:3701718 [1] NCCL INFO Connection to proxy localRank 1 -> connection 0x7fb788000e40
g4006:3701719:3701883 [2] NCCL INFO New proxy send connection 4 from local rank 2, transport 0
g4006:3701719:3701719 [2] NCCL INFO Connection to proxy localRank 2 -> connection 0x7fc2d8000e40
g4006:3701725:3701881 [6] NCCL INFO New proxy recv connection 5 from local rank 6, transport 0
g4006:3701725:3701725 [6] NCCL INFO Connection to proxy localRank 6 -> connection 0x7f2d9c000e90
g4006:3701725:3701881 [6] NCCL INFO New proxy send connection 6 from local rank 6, transport 0
g4006:3701725:3701725 [6] NCCL INFO Connection to proxy localRank 6 -> connection 0x7f2d9c000ee0
g4006:3701720:3701886 [3] NCCL INFO New proxy recv connection 5 from local rank 3, transport 0
g4006:3701720:3701720 [3] NCCL INFO Connection to proxy localRank 3 -> connection 0x7f431c000e90
g4006:3701725:3701881 [6] NCCL INFO New proxy send connection 7 from local rank 6, transport 0
g4006:3701725:3701725 [6] NCCL INFO Connection to proxy localRank 6 -> connection 0x7f2d9c000f30
g3025:176716:176716 [0] NCCL INFO Channel 00/0 : 15[7] -> 0[0] [receive] via NET/IB/0
g4006:3701721:3701880 [4] NCCL INFO New proxy recv connection 5 from local rank 4, transport 0
g4006:3701721:3701721 [4] NCCL INFO Connection to proxy localRank 4 -> connection 0x7fd058000e90
g3025:176716:176935 [0] NCCL INFO New proxy recv connection 1 from local rank 0, transport 2
g3025:176716:176716 [0] NCCL INFO Connection to proxy localRank 0 -> connection 0x7fd018000d50
g3025:176716:176716 [0] NCCL INFO Channel 02/0 : 15[7] -> 0[0] [receive] via NET/IB/0
g3025:176716:176935 [0] NCCL INFO New proxy send connection 2 from local rank 0, transport 0
g4006:3701722:3701882 [5] NCCL INFO New proxy send connection 5 from local rank 5, transport 0
g4006:3701722:3701722 [5] NCCL INFO Connection to proxy localRank 5 -> connection 0x7fa330000e90
g3025:176717:176928 [1] NCCL INFO New proxy recv connection 1 from local rank 1, transport 0
g3025:176717:176717 [1] NCCL INFO Connection to proxy localRank 1 -> connection 0x7f1068000d50
g3025:176732:176930 [6] NCCL INFO New proxy recv connection 1 from local rank 6, transport 0
g3025:176732:176732 [6] NCCL INFO Connection to proxy localRank 6 -> connection 0x7f18d8000d50
g3025:176718:176929 [2] NCCL INFO New proxy recv connection 1 from local rank 2, transport 0
g3025:176718:176718 [2] NCCL INFO Connection to proxy localRank 2 -> connection 0x7f85b0000d50
g3025:176716:176716 [0] NCCL INFO Connection to proxy localRank 0 -> connection 0x7fd018000da0
g3025:176736:176932 [7] NCCL INFO New proxy recv connection 1 from local rank 7, transport 0
g3025:176736:176736 [7] NCCL INFO Connection to proxy localRank 7 -> connection 0x7f54d4000d50
g3025:176722:176934 [4] NCCL INFO New proxy recv connection 1 from local rank 4, transport 0
g3025:176722:176722 [4] NCCL INFO Connection to proxy localRank 4 -> connection 0x7ff9a0000d50
g4006:3701719:3701883 [2] NCCL INFO New proxy send connection 5 from local rank 2, transport 0
g4006:3701719:3701719 [2] NCCL INFO Connection to proxy localRank 2 -> connection 0x7fc2d8000e90
g3025:176723:176933 [5] NCCL INFO New proxy recv connection 1 from local rank 5, transport 0
g3025:176723:176723 [5] NCCL INFO Connection to proxy localRank 5 -> connection 0x7f8e0c000d50
g3025:176721:176931 [3] NCCL INFO New proxy recv connection 1 from local rank 3, transport 0
g3025:176721:176721 [3] NCCL INFO Connection to proxy localRank 3 -> connection 0x7f3838000d50
g4006:3701718:3701887 [1] NCCL INFO New proxy send connection 5 from local rank 1, transport 0
g4006:3701718:3701718 [1] NCCL INFO Connection to proxy localRank 1 -> connection 0x7fb788000e90
g3025:176722:176934 [4] NCCL INFO New proxy send connection 2 from local rank 4, transport 0
g3025:176722:176722 [4] NCCL INFO Connection to proxy localRank 4 -> connection 0x7ff9a0000da0
g3025:176718:176929 [2] NCCL INFO New proxy send connection 2 from local rank 2, transport 0
g3025:176718:176718 [2] NCCL INFO Connection to proxy localRank 2 -> connection 0x7f85b0000da0
g3025:176723:176933 [5] NCCL INFO New proxy send connection 2 from local rank 5, transport 0
g3025:176723:176723 [5] NCCL INFO Connection to proxy localRank 5 -> connection 0x7f8e0c000da0
g3025:176717:176928 [1] NCCL INFO New proxy send connection 2 from local rank 1, transport 0
g3025:176717:176717 [1] NCCL INFO Connection to proxy localRank 1 -> connection 0x7f1068000da0
g3025:176732:176930 [6] NCCL INFO New proxy send connection 2 from local rank 6, transport 0
g3025:176732:176732 [6] NCCL INFO Connection to proxy localRank 6 -> connection 0x7f18d8000da0
g3025:176721:176931 [3] NCCL INFO New proxy send connection 2 from local rank 3, transport 0
g3025:176721:176721 [3] NCCL INFO Connection to proxy localRank 3 -> connection 0x7f3838000da0
g4006:3701718:3701887 [1] NCCL INFO New proxy recv connection 6 from local rank 1, transport 0
g4006:3701718:3701718 [1] NCCL INFO Connection to proxy localRank 1 -> connection 0x7fb788000ee0
g3025:176716:176935 [0] NCCL INFO New proxy send connection 3 from local rank 0, transport 0
g3025:176716:176716 [0] NCCL INFO Connection to proxy localRank 0 -> connection 0x7fd018000df0
g3025:176722:176934 [4] NCCL INFO New proxy send connection 3 from local rank 4, transport 0
g3025:176722:176722 [4] NCCL INFO Connection to proxy localRank 4 -> connection 0x7ff9a0000df0
g3025:176723:176933 [5] NCCL INFO New proxy send connection 3 from local rank 5, transport 0
g3025:176717:176928 [1] NCCL INFO New proxy send connection 3 from local rank 1, transport 0
g3025:176717:176717 [1] NCCL INFO Connection to proxy localRank 1 -> connection 0x7f1068000df0
g3025:176732:176930 [6] NCCL INFO New proxy send connection 3 from local rank 6, transport 0
g3025:176732:176732 [6] NCCL INFO Connection to proxy localRank 6 -> connection 0x7f18d8000df0
g3025:176721:176931 [3] NCCL INFO New proxy send connection 3 from local rank 3, transport 0
g3025:176721:176721 [3] NCCL INFO Connection to proxy localRank 3 -> connection 0x7f3838000df0
g4006:3701718:3701887 [1] NCCL INFO New proxy recv connection 7 from local rank 1, transport 0
g4006:3701718:3701718 [1] NCCL INFO Connection to proxy localRank 1 -> connection 0x7fb788000f30
g3025:176718:176929 [2] NCCL INFO New proxy send connection 3 from local rank 2, transport 0
g3025:176718:176718 [2] NCCL INFO Connection to proxy localRank 2 -> connection 0x7f85b0000df0
g4006:3701721:3701880 [4] NCCL INFO New proxy send connection 6 from local rank 4, transport 2
g4006:3701721:3701721 [4] NCCL INFO Connection to proxy localRank 4 -> connection 0x7fd058000ee0
g3025:176723:176723 [5] NCCL INFO Connection to proxy localRank 5 -> connection 0x7f8e0c000df0
g3025:176736:176932 [7] NCCL INFO New proxy send connection 2 from local rank 7, transport 2
g3025:176736:176736 [7] NCCL INFO Connection to proxy localRank 7 -> connection 0x7f54d4000da0
g4006:3701728:3701879 [7] NCCL INFO New proxy recv connection 4 from local rank 7, transport 0
g4006:3701728:3701728 [7] NCCL INFO Connection to proxy localRank 7 -> connection 0x7fb358000e40
g4006:3701728:3701879 [7] NCCL INFO New proxy recv connection 5 from local rank 7, transport 0
g4006:3701728:3701728 [7] NCCL INFO Connection to proxy localRank 7 -> connection 0x7fb358000e90
g3025:176736:176736 [7] NCCL INFO Channel 00/0 : 7[7] -> 8[0] [send] via NET/IB/3
g3025:176736:176932 [7] NCCL INFO New proxy send connection 3 from local rank 7, transport 2
g3025:176736:176736 [7] NCCL INFO Connection to proxy localRank 7 -> connection 0x7f54d4000df0
g3025:176736:176736 [7] NCCL INFO Channel 02/0 : 7[7] -> 8[0] [send] via NET/IB/3
g3025:176716:176935 [0] NCCL INFO New proxy send connection 4 from local rank 0, transport 0
g3025:176716:176716 [0] NCCL INFO Connection to proxy localRank 0 -> connection 0x7fd018000e40
g3025:176732:176930 [6] NCCL INFO New proxy recv connection 4 from local rank 6, transport 0
g3025:176732:176732 [6] NCCL INFO Connection to proxy localRank 6 -> connection 0x7f18d8000e40
g3025:176717:176928 [1] NCCL INFO New proxy send connection 4 from local rank 1, transport 0
g3025:176717:176717 [1] NCCL INFO Connection to proxy localRank 1 -> connection 0x7f1068000e40
g4006:3701717:3701884 [0] NCCL INFO New proxy send connection 4 from local rank 0, transport 0
g4006:3701717:3701717 [0] NCCL INFO Connection to proxy localRank 0 -> connection 0x7f44a8000e40
g3025:176722:176934 [4] NCCL INFO New proxy recv connection 4 from local rank 4, transport 0
g3025:176722:176722 [4] NCCL INFO Connection to proxy localRank 4 -> connection 0x7ff9a0000e40
g3025:176718:176929 [2] NCCL INFO New proxy send connection 4 from local rank 2, transport 0
g3025:176718:176718 [2] NCCL INFO Connection to proxy localRank 2 -> connection 0x7f85b0000e40
g3025:176723:176933 [5] NCCL INFO New proxy send connection 4 from local rank 5, transport 0
g3025:176723:176723 [5] NCCL INFO Connection to proxy localRank 5 -> connection 0x7f8e0c000e40
g3025:176736:176932 [7] NCCL INFO New proxy recv connection 4 from local rank 7, transport 0
g3025:176736:176736 [7] NCCL INFO Connection to proxy localRank 7 -> connection 0x7f54d4000e40
g4006:3701721:3701721 [4] NCCL INFO Channel 01/0 : 12[4] -> 2[2] [send] via NET/IB/2
g3025:176721:176931 [3] NCCL INFO New proxy recv connection 4 from local rank 3, transport 0
g3025:176721:176721 [3] NCCL INFO Connection to proxy localRank 3 -> connection 0x7f3838000e40
g4006:3701721:3701880 [4] NCCL INFO New proxy send connection 7 from local rank 4, transport 2
g4006:3701721:3701721 [4] NCCL INFO Connection to proxy localRank 4 -> connection 0x7fd058000f30
g4006:3701721:3701721 [4] NCCL INFO Channel 03/0 : 12[4] -> 2[2] [send] via NET/IB/2
g4006:3701717:3701884 [0] NCCL INFO New proxy send connection 5 from local rank 0, transport 0
g4006:3701717:3701717 [0] NCCL INFO Connection to proxy localRank 0 -> connection 0x7f44a8000e90
g4006:3701717:3701884 [0] NCCL INFO New proxy recv connection 6 from local rank 0, transport 0
g4006:3701717:3701717 [0] NCCL INFO Connection to proxy localRank 0 -> connection 0x7f44a8000ee0
g4006:3701720:3701886 [3] NCCL INFO New proxy send connection 6 from local rank 3, transport 0
g4006:3701720:3701720 [3] NCCL INFO Connection to proxy localRank 3 -> connection 0x7f431c000ee0
g4006:3701717:3701884 [0] NCCL INFO New proxy recv connection 7 from local rank 0, transport 0
g4006:3701717:3701717 [0] NCCL INFO Connection to proxy localRank 0 -> connection 0x7f44a8000f30
g4006:3701720:3701886 [3] NCCL INFO New proxy send connection 7 from local rank 3, transport 0
g4006:3701720:3701720 [3] NCCL INFO Connection to proxy localRank 3 -> connection 0x7f431c000f30
g4006:3701728:3701879 [7] NCCL INFO New proxy send connection 6 from local rank 7, transport 0
g4006:3701728:3701728 [7] NCCL INFO Connection to proxy localRank 7 -> connection 0x7fb358000ee0
g4006:3701722:3701882 [5] NCCL INFO New proxy recv connection 6 from local rank 5, transport 0
g4006:3701722:3701722 [5] NCCL INFO Connection to proxy localRank 5 -> connection 0x7fa330000ee0
g3025:176716:176935 [0] NCCL INFO New proxy send connection 5 from local rank 0, transport 0
g3025:176716:176716 [0] NCCL INFO Connection to proxy localRank 0 -> connection 0x7fd018000e90
g3025:176717:176928 [1] NCCL INFO New proxy send connection 5 from local rank 1, transport 0
g3025:176717:176717 [1] NCCL INFO Connection to proxy localRank 1 -> connection 0x7f1068000e90
g4006:3701719:3701883 [2] NCCL INFO New proxy recv connection 6 from local rank 2, transport 2
g3025:176723:176933 [5] NCCL INFO New proxy send connection 5 from local rank 5, transport 0
g3025:176723:176723 [5] NCCL INFO Connection to proxy localRank 5 -> connection 0x7f8e0c000e90
g4006:3701719:3701719 [2] NCCL INFO Connection to proxy localRank 2 -> connection 0x7fc2d8000ee0
g3025:176718:176929 [2] NCCL INFO New proxy send connection 5 from local rank 2, transport 0
g3025:176718:176718 [2] NCCL INFO Connection to proxy localRank 2 -> connection 0x7f85b0000e90
g4006:3701719:3701719 [2] NCCL INFO Channel 01/0 : 4[4] -> 10[2] [receive] via NET/IB/1
g3025:176732:176930 [6] NCCL INFO New proxy recv connection 5 from local rank 6, transport 0
g3025:176732:176732 [6] NCCL INFO Connection to proxy localRank 6 -> connection 0x7f18d8000e90
g4006:3701719:3701883 [2] NCCL INFO New proxy recv connection 7 from local rank 2, transport 2
g4006:3701719:3701719 [2] NCCL INFO Connection to proxy localRank 2 -> connection 0x7fc2d8000f30
g3025:176722:176934 [4] NCCL INFO New proxy recv connection 5 from local rank 4, transport 0
g3025:176722:176722 [4] NCCL INFO Connection to proxy localRank 4 -> connection 0x7ff9a0000e90
g4006:3701719:3701719 [2] NCCL INFO Channel 03/0 : 4[4] -> 10[2] [receive] via NET/IB/1
g3025:176721:176931 [3] NCCL INFO New proxy recv connection 5 from local rank 3, transport 0
g3025:176736:176932 [7] NCCL INFO New proxy recv connection 5 from local rank 7, transport 0
g3025:176736:176736 [7] NCCL INFO Connection to proxy localRank 7 -> connection 0x7f54d4000e90
g3025:176721:176721 [3] NCCL INFO Connection to proxy localRank 3 -> connection 0x7f3838000e90
g4006:3701722:3701882 [5] NCCL INFO New proxy recv connection 7 from local rank 5, transport 0
g4006:3701722:3701722 [5] NCCL INFO Connection to proxy localRank 5 -> connection 0x7fa330000f30
g4006:3701728:3701879 [7] NCCL INFO New proxy send connection 7 from local rank 7, transport 0
g4006:3701728:3701728 [7] NCCL INFO Connection to proxy localRank 7 -> connection 0x7fb358000f30
g3025:176732:176930 [6] NCCL INFO New proxy send connection 6 from local rank 6, transport 0
g3025:176732:176732 [6] NCCL INFO Connection to proxy localRank 6 -> connection 0x7f18d8000ee0
g3025:176717:176928 [1] NCCL INFO New proxy recv connection 6 from local rank 1, transport 0
g3025:176717:176717 [1] NCCL INFO Connection to proxy localRank 1 -> connection 0x7f1068000ee0
g3025:176716:176935 [0] NCCL INFO New proxy recv connection 6 from local rank 0, transport 0
g3025:176716:176716 [0] NCCL INFO Connection to proxy localRank 0 -> connection 0x7fd018000ee0
g3025:176721:176931 [3] NCCL INFO New proxy send connection 6 from local rank 3, transport 0
g3025:176721:176721 [3] NCCL INFO Connection to proxy localRank 3 -> connection 0x7f3838000ee0
g3025:176736:176932 [7] NCCL INFO New proxy send connection 6 from local rank 7, transport 0
g3025:176736:176736 [7] NCCL INFO Connection to proxy localRank 7 -> connection 0x7f54d4000ee0
g3025:176732:176930 [6] NCCL INFO New proxy send connection 7 from local rank 6, transport 0
g3025:176732:176732 [6] NCCL INFO Connection to proxy localRank 6 -> connection 0x7f18d8000f30
g3025:176716:176935 [0] NCCL INFO New proxy recv connection 7 from local rank 0, transport 0
g3025:176716:176716 [0] NCCL INFO Connection to proxy localRank 0 -> connection 0x7fd018000f30
g3025:176736:176932 [7] NCCL INFO New proxy send connection 7 from local rank 7, transport 0
g3025:176736:176736 [7] NCCL INFO Connection to proxy localRank 7 -> connection 0x7f54d4000f30
g3025:176721:176931 [3] NCCL INFO New proxy send connection 7 from local rank 3, transport 0
g3025:176721:176721 [3] NCCL INFO Connection to proxy localRank 3 -> connection 0x7f3838000f30
g3025:176717:176928 [1] NCCL INFO New proxy recv connection 7 from local rank 1, transport 0
g3025:176717:176717 [1] NCCL INFO Connection to proxy localRank 1 -> connection 0x7f1068000f30
g3025:176718:176929 [2] NCCL INFO New proxy recv connection 6 from local rank 2, transport 2
g3025:176718:176718 [2] NCCL INFO Connection to proxy localRank 2 -> connection 0x7f85b0000ee0
g3025:176722:176934 [4] NCCL INFO New proxy send connection 6 from local rank 4, transport 2
g3025:176722:176722 [4] NCCL INFO Connection to proxy localRank 4 -> connection 0x7ff9a0000ee0
g3025:176723:176933 [5] NCCL INFO New proxy recv connection 6 from local rank 5, transport 0
g3025:176723:176723 [5] NCCL INFO Connection to proxy localRank 5 -> connection 0x7f8e0c000ee0
g3025:176722:176722 [4] NCCL INFO Channel 01/0 : 4[4] -> 10[2] [send] via NET/IB/2
g3025:176722:176934 [4] NCCL INFO New proxy send connection 7 from local rank 4, transport 2
g3025:176722:176722 [4] NCCL INFO Connection to proxy localRank 4 -> connection 0x7ff9a0000f30
g3025:176718:176718 [2] NCCL INFO Channel 01/0 : 12[4] -> 2[2] [receive] via NET/IB/1
g3025:176722:176722 [4] NCCL INFO Channel 03/0 : 4[4] -> 10[2] [send] via NET/IB/2
g3025:176718:176929 [2] NCCL INFO New proxy recv connection 7 from local rank 2, transport 2
g3025:176718:176718 [2] NCCL INFO Connection to proxy localRank 2 -> connection 0x7f85b0000f30
g3025:176718:176718 [2] NCCL INFO Channel 03/0 : 12[4] -> 2[2] [receive] via NET/IB/1
g4006:3701728:3701879 [7] NCCL INFO NET/IB: Dev 3 Port 1 qpn 8495 mtu 5 LID 104
g4006:3701728:3701879 [7] NCCL INFO NET/IB: Dev 3 Port 1 qpn 8496 mtu 5 LID 104
g4006:3701728:3701879 [7] NCCL INFO NET/IB: Dev 3 Port 1 qpn 8498 mtu 5 LID 104
g4006:3701728:3701879 [7] NCCL INFO NET/IB: Dev 3 Port 1 qpn 8504 mtu 5 LID 104
g3025:176723:176933 [5] NCCL INFO New proxy recv connection 7 from local rank 5, transport 0
g3025:176723:176723 [5] NCCL INFO Connection to proxy localRank 5 -> connection 0x7f8e0c000f30
g4006:3701728:3701879 [7] NCCL INFO NET/IB: Dev 3 Port 1 qpn 8505 mtu 5 LID 104
g4006:3701728:3701879 [7] NCCL INFO NET/IB: Dev 3 Port 1 qpn 8506 mtu 5 LID 104
g4006:3701728:3701879 [7] NCCL INFO NET/IB: Dev 3 Port 1 qpn 8507 mtu 5 LID 104
g4006:3701728:3701879 [7] NCCL INFO NET/IB: Dev 3 Port 1 qpn 8508 mtu 5 LID 104
g3025:176736:176932 [7] NCCL INFO NET/IB: Dev 3 Port 1 qpn 2353 mtu 5 LID 15
g3025:176736:176932 [7] NCCL INFO NET/IB: Dev 3 Port 1 qpn 2354 mtu 5 LID 15
g3025:176736:176932 [7] NCCL INFO NET/IB: Dev 3 Port 1 qpn 2355 mtu 5 LID 15
g3025:176736:176932 [7] NCCL INFO NET/IB: Dev 3 Port 1 qpn 2356 mtu 5 LID 15
g3025:176736:176932 [7] NCCL INFO NET/IB: Dev 3 Port 1 qpn 2357 mtu 5 LID 15
g3025:176736:176932 [7] NCCL INFO NET/IB: Dev 3 Port 1 qpn 2358 mtu 5 LID 15
g3025:176736:176932 [7] NCCL INFO NET/IB: Dev 3 Port 1 qpn 2359 mtu 5 LID 15
g3025:176736:176932 [7] NCCL INFO NET/IB: Dev 3 Port 1 qpn 2360 mtu 5 LID 15
g4006:3701718:3701887 [1] NCCL INFO New proxy recv connection 8 from local rank 1, transport 0
g4006:3701718:3701718 [1] NCCL INFO Connection to proxy localRank 1 -> connection 0x7fb788000f80
g4006:3701720:3701886 [3] NCCL INFO New proxy recv connection 8 from local rank 3, transport 0
g4006:3701720:3701720 [3] NCCL INFO Connection to proxy localRank 3 -> connection 0x7f431c000f80
g4006:3701718:3701887 [1] NCCL INFO New proxy recv connection 9 from local rank 1, transport 0
g4006:3701718:3701718 [1] NCCL INFO Connection to proxy localRank 1 -> connection 0x7fb788000fd0
g4006:3701720:3701886 [3] NCCL INFO New proxy recv connection 9 from local rank 3, transport 0
g4006:3701720:3701720 [3] NCCL INFO Connection to proxy localRank 3 -> connection 0x7f431c000fd0
g4006:3701718:3701887 [1] NCCL INFO New proxy send connection 10 from local rank 1, transport 0
g4006:3701718:3701718 [1] NCCL INFO Connection to proxy localRank 1 -> connection 0x7fb788001020
g4006:3701725:3701881 [6] NCCL INFO New proxy send connection 8 from local rank 6, transport 0
g4006:3701725:3701725 [6] NCCL INFO Connection to proxy localRank 6 -> connection 0x7f2d9c000f80
g4006:3701722:3701882 [5] NCCL INFO New proxy recv connection 8 from local rank 5, transport 0
g4006:3701722:3701722 [5] NCCL INFO Connection to proxy localRank 5 -> connection 0x7fa330000f80
g4006:3701718:3701887 [1] NCCL INFO New proxy send connection 11 from local rank 1, transport 0
g4006:3701718:3701718 [1] NCCL INFO Connection to proxy localRank 1 -> connection 0x7fb788001070
g4006:3701722:3701882 [5] NCCL INFO New proxy recv connection 9 from local rank 5, transport 0
g4006:3701722:3701722 [5] NCCL INFO Connection to proxy localRank 5 -> connection 0x7fa330000fd0
g4006:3701725:3701881 [6] NCCL INFO New proxy send connection 9 from local rank 6, transport 0
g4006:3701725:3701725 [6] NCCL INFO Connection to proxy localRank 6 -> connection 0x7f2d9c000fd0
g4006:3701720:3701886 [3] NCCL INFO New proxy send connection 10 from local rank 3, transport 0
g4006:3701720:3701720 [3] NCCL INFO Connection to proxy localRank 3 -> connection 0x7f431c001020
g4006:3701720:3701886 [3] NCCL INFO New proxy send connection 11 from local rank 3, transport 0
g4006:3701720:3701720 [3] NCCL INFO Connection to proxy localRank 3 -> connection 0x7f431c001070
g3025:176717:176928 [1] NCCL INFO New proxy recv connection 8 from local rank 1, transport 0
g3025:176717:176717 [1] NCCL INFO Connection to proxy localRank 1 -> connection 0x7f1068000f80
g3025:176721:176931 [3] NCCL INFO New proxy recv connection 8 from local rank 3, transport 0
g3025:176721:176721 [3] NCCL INFO Connection to proxy localRank 3 -> connection 0x7f3838000f80
g4006:3701721:3701880 [4] NCCL INFO NET/IB: Dev 2 Port 1 qpn 11827 mtu 5 LID 140
g4006:3701721:3701880 [4] NCCL INFO NET/IB: Dev 2 Port 1 qpn 11828 mtu 5 LID 140
g4006:3701721:3701880 [4] NCCL INFO NET/IB: Dev 2 Port 1 qpn 11829 mtu 5 LID 140
g4006:3701721:3701880 [4] NCCL INFO NET/IB: Dev 2 Port 1 qpn 11830 mtu 5 LID 140
g3025:176722:176934 [4] NCCL INFO NET/IB: Dev 2 Port 1 qpn 7454 mtu 5 LID 64
g3025:176722:176934 [4] NCCL INFO NET/IB: Dev 2 Port 1 qpn 7455 mtu 5 LID 64
g3025:176722:176934 [4] NCCL INFO NET/IB: Dev 2 Port 1 qpn 7456 mtu 5 LID 64
g3025:176722:176934 [4] NCCL INFO NET/IB: Dev 2 Port 1 qpn 7457 mtu 5 LID 64
g3025:176717:176928 [1] NCCL INFO New proxy recv connection 9 from local rank 1, transport 0
g3025:176717:176717 [1] NCCL INFO Connection to proxy localRank 1 -> connection 0x7f1068000fd0
g3025:176721:176931 [3] NCCL INFO New proxy recv connection 9 from local rank 3, transport 0
g3025:176721:176721 [3] NCCL INFO Connection to proxy localRank 3 -> connection 0x7f3838000fd0
g4006:3701721:3701880 [4] NCCL INFO NET/IB: Dev 2 Port 1 qpn 11831 mtu 5 LID 140
g4006:3701721:3701880 [4] NCCL INFO NET/IB: Dev 2 Port 1 qpn 11832 mtu 5 LID 140
g4006:3701721:3701880 [4] NCCL INFO NET/IB: Dev 2 Port 1 qpn 11834 mtu 5 LID 140
g4006:3701721:3701880 [4] NCCL INFO NET/IB: Dev 2 Port 1 qpn 11836 mtu 5 LID 140
g4006:3701728:3701879 [7] NCCL INFO New proxy recv connection 8 from local rank 7, transport 0
g4006:3701728:3701728 [7] NCCL INFO Connection to proxy localRank 7 -> connection 0x7fb358000f80
g4006:3701717:3701884 [0] NCCL INFO New proxy send connection 8 from local rank 0, transport 0
g4006:3701717:3701717 [0] NCCL INFO Connection to proxy localRank 0 -> connection 0x7f44a8000f80
g3025:176722:176934 [4] NCCL INFO NET/IB: Dev 2 Port 1 qpn 7458 mtu 5 LID 64
g3025:176722:176934 [4] NCCL INFO NET/IB: Dev 2 Port 1 qpn 7459 mtu 5 LID 64
g3025:176722:176934 [4] NCCL INFO NET/IB: Dev 2 Port 1 qpn 7460 mtu 5 LID 64
g3025:176722:176934 [4] NCCL INFO NET/IB: Dev 2 Port 1 qpn 7461 mtu 5 LID 64
g3025:176732:176930 [6] NCCL INFO New proxy send connection 8 from local rank 6, transport 0
g3025:176732:176732 [6] NCCL INFO Connection to proxy localRank 6 -> connection 0x7f18d8000f80
g3025:176723:176933 [5] NCCL INFO New proxy recv connection 8 from local rank 5, transport 0
g3025:176723:176723 [5] NCCL INFO Connection to proxy localRank 5 -> connection 0x7f8e0c000f80
g3025:176716:176935 [0] NCCL INFO New proxy send connection 8 from local rank 0, transport 0
g3025:176716:176716 [0] NCCL INFO Connection to proxy localRank 0 -> connection 0x7fd018000f80
g4006:3701728:3701879 [7] NCCL INFO New proxy recv connection 9 from local rank 7, transport 0
g4006:3701728:3701728 [7] NCCL INFO Connection to proxy localRank 7 -> connection 0x7fb358000fd0
g3025:176721:176931 [3] NCCL INFO New proxy send connection 10 from local rank 3, transport 0
